
Running 1 test using 1 worker

  ✘  1 [chromium] › ../runs/KAN-10/2026-09-04T19-32-36-577Z/evidence/witness/KAN-10.spec.mjs:48:1 › KAN-10 home page ships real site metadata and social preview tags (12.8s)


  1) [chromium] › ../runs/KAN-10/2026-09-04T19-32-36-577Z/evidence/witness/KAN-10.spec.mjs:48:1 › KAN-10 home page ships real site metadata and social preview tags 

    Error: expect(page).toHaveTitle(expected) failed

    Expected: "Asset Panda — Internal Tools"
    Received: "Create Next App"
    Timeout:  10000ms

    Call log:
      - Expect "soft toHaveTitle" with timeout 10000ms
        24 × locator resolved to <html lang="en" class="geist_a71539c9-module__T19VSG__variable geist_mono_8d43a2aa-module__8Li5zG__variable h-full antialiased">…</html>
           - unexpected value "Create Next App"


      52 |   // AC 1 + AC 2 — the browser tab and the meta description.
      53 |   await check(page, '01-initial-load-title-and-description', async () => {
    > 54 |     await expect.soft(page).toHaveTitle(TITLE)
         |                             ^
      55 |     expect.soft(await metaContent(page, 'description'), 'meta description').toContain(DESCRIPTION)
      56 |   })
      57 |
        at assertions (/home/runner/work/atlassian-testing/atlassian-testing/agent/runs/KAN-10/2026-09-04T19-32-36-577Z/evidence/witness/KAN-10.spec.mjs:54:29)
        at check (/home/runner/work/atlassian-testing/atlassian-testing/agent/graph/witness/fixtures.mjs:62:11)
        at /home/runner/work/atlassian-testing/atlassian-testing/agent/runs/KAN-10/2026-09-04T19-32-36-577Z/evidence/witness/KAN-10.spec.mjs:53:9

    Error: meta description

    expect(received).toContain(expected) // indexOf

    Expected substring: "Internal tooling for asset lookup and check-out."
    Received string:    "Generated by create next app"

      53 |   await check(page, '01-initial-load-title-and-description', async () => {
      54 |     await expect.soft(page).toHaveTitle(TITLE)
    > 55 |     expect.soft(await metaContent(page, 'description'), 'meta description').toContain(DESCRIPTION)
         |                                                                             ^
      56 |   })
      57 |
      58 |   // AC 3 + AC 4 + AC 5 — the Open Graph tags every unfurler reads first.
        at /home/runner/work/atlassian-testing/atlassian-testing/agent/runs/KAN-10/2026-09-04T19-32-36-577Z/evidence/witness/KAN-10.spec.mjs:55:77
        at check (/home/runner/work/atlassian-testing/atlassian-testing/agent/graph/witness/fixtures.mjs:62:5)
        at /home/runner/work/atlassian-testing/atlassian-testing/agent/runs/KAN-10/2026-09-04T19-32-36-577Z/evidence/witness/KAN-10.spec.mjs:53:3

    Error: og:title

    expect(received).toBe(expected) // Object.is equality

    Expected: "Asset Panda — Internal Tools"
    Received: null

      58 |   // AC 3 + AC 4 + AC 5 — the Open Graph tags every unfurler reads first.
      59 |   await check(page, '02-open-graph-tags', async () => {
    > 60 |     expect.soft(await metaContent(page, 'og:title'), 'og:title').toBe(TITLE)
         |                                                                  ^
      61 |     expect.soft(await metaContent(page, 'og:description'), 'og:description').toBe(DESCRIPTION)
      62 |     expect.soft(await metaContent(page, 'og:type'), 'og:type').toBe('website')
      63 |   })
        at /home/runner/work/atlassian-testing/atlassian-testing/agent/runs/KAN-10/2026-09-04T19-32-36-577Z/evidence/witness/KAN-10.spec.mjs:60:66
        at check (/home/runner/work/atlassian-testing/atlassian-testing/agent/graph/witness/fixtures.mjs:62:5)
        at /home/runner/work/atlassian-testing/atlassian-testing/agent/runs/KAN-10/2026-09-04T19-32-36-577Z/evidence/witness/KAN-10.spec.mjs:59:3

    Error: og:description

    expect(received).toBe(expected) // Object.is equality

    Expected: "Internal tooling for asset lookup and check-out."
    Received: null

      59 |   await check(page, '02-open-graph-tags', async () => {
      60 |     expect.soft(await metaContent(page, 'og:title'), 'og:title').toBe(TITLE)
    > 61 |     expect.soft(await metaContent(page, 'og:description'), 'og:description').toBe(DESCRIPTION)
         |                                                                              ^
      62 |     expect.soft(await metaContent(page, 'og:type'), 'og:type').toBe('website')
      63 |   })
      64 |
        at /home/runner/work/atlassian-testing/atlassian-testing/agent/runs/KAN-10/2026-09-04T19-32-36-577Z/evidence/witness/KAN-10.spec.mjs:61:78
        at check (/home/runner/work/atlassian-testing/atlassian-testing/agent/graph/witness/fixtures.mjs:62:5)
        at /home/runner/work/atlassian-testing/atlassian-testing/agent/runs/KAN-10/2026-09-04T19-32-36-577Z/evidence/witness/KAN-10.spec.mjs:59:3

    Error: og:type

    expect(received).toBe(expected) // Object.is equality

    Expected: "website"
    Received: null

      60 |     expect.soft(await metaContent(page, 'og:title'), 'og:title').toBe(TITLE)
      61 |     expect.soft(await metaContent(page, 'og:description'), 'og:description').toBe(DESCRIPTION)
    > 62 |     expect.soft(await metaContent(page, 'og:type'), 'og:type').toBe('website')
         |                                                                ^
      63 |   })
      64 |
      65 |   // AC 6 — og:image exists, is fetchable as an image, and is a file in this repository.
        at /home/runner/work/atlassian-testing/atlassian-testing/agent/runs/KAN-10/2026-09-04T19-32-36-577Z/evidence/witness/KAN-10.spec.mjs:62:64
        at check (/home/runner/work/atlassian-testing/atlassian-testing/agent/graph/witness/fixtures.mjs:62:5)
        at /home/runner/work/atlassian-testing/atlassian-testing/agent/runs/KAN-10/2026-09-04T19-32-36-577Z/evidence/witness/KAN-10.spec.mjs:59:3

    Error: og:image

    expect(received).not.toBeNull()

    Received: null

      66 |   await check(page, '03-og-image-resolves-to-repo-file', async () => {
      67 |     const src = await metaContent(page, 'og:image')
    > 68 |     expect.soft(src, 'og:image').not.toBeNull()
         |                                      ^
      69 |     if (src) {
      70 |       const res = await page.request.get(new URL(src, 'http://localhost:3000').toString())
      71 |       expect.soft(res.status(), `GET ${src}`).toBe(200)
        at /home/runner/work/atlassian-testing/atlassian-testing/agent/runs/KAN-10/2026-09-04T19-32-36-577Z/evidence/witness/KAN-10.spec.mjs:68:38
        at check (/home/runner/work/atlassian-testing/atlassian-testing/agent/graph/witness/fixtures.mjs:62:5)
        at /home/runner/work/atlassian-testing/atlassian-testing/agent/runs/KAN-10/2026-09-04T19-32-36-577Z/evidence/witness/KAN-10.spec.mjs:66:3

    Error: twitter:card

    expect(received).toBe(expected) // Object.is equality

    Expected: "summary_large_image"
    Received: null

      77 |   // AC 7 — the Twitter card type, so the preview renders large instead of as a bare link.
      78 |   await check(page, '04-twitter-card', async () => {
    > 79 |     expect.soft(await metaContent(page, 'twitter:card'), 'twitter:card').toBe('summary_large_image')
         |                                                                          ^
      80 |   })
      81 |
      82 |   // AC 8 — metadata is head-only: the rendered page, its copy and its colours must not move.
        at /home/runner/work/atlassian-testing/atlassian-testing/agent/runs/KAN-10/2026-09-04T19-32-36-577Z/evidence/witness/KAN-10.spec.mjs:79:74
        at check (/home/runner/work/atlassian-testing/atlassian-testing/agent/graph/witness/fixtures.mjs:62:5)
        at /home/runner/work/atlassian-testing/atlassian-testing/agent/runs/KAN-10/2026-09-04T19-32-36-577Z/evidence/witness/KAN-10.spec.mjs:78:3

    Error: og:title in server HTML

    expect(received).toBe(expected) // Object.is equality

    Expected: "Asset Panda — Internal Tools"
    Received: "Create Next App"

      115 |     </body>`)
      116 |   await check(preview, '06-crawler-link-preview', async () => {
    > 117 |     expect.soft(card.title, 'og:title in server HTML').toBe(TITLE)
          |                                                        ^
      118 |     expect.soft(card.description, 'og:description in server HTML').toBe(DESCRIPTION)
      119 |     expect.soft(card.title, 'server HTML still advertises the create-next-app default').not.toMatch(/Create Next App/i)
      120 |     expect.soft(card.description, 'server HTML still advertises the create-next-app default').not.toMatch(/Generated by create next app/i)
        at assertions (/home/runner/work/atlassian-testing/atlassian-testing/agent/runs/KAN-10/2026-09-04T19-32-36-577Z/evidence/witness/KAN-10.spec.mjs:117:56)
        at check (/home/runner/work/atlassian-testing/atlassian-testing/agent/graph/witness/fixtures.mjs:62:11)
        at /home/runner/work/atlassian-testing/atlassian-testing/agent/runs/KAN-10/2026-09-04T19-32-36-577Z/evidence/witness/KAN-10.spec.mjs:116:9

    Error: og:description in server HTML

    expect(received).toBe(expected) // Object.is equality

    Expected: "Internal tooling for asset lookup and check-out."
    Received: "Generated by create next app"

      116 |   await check(preview, '06-crawler-link-preview', async () => {
      117 |     expect.soft(card.title, 'og:title in server HTML').toBe(TITLE)
    > 118 |     expect.soft(card.description, 'og:description in server HTML').toBe(DESCRIPTION)
          |                                                                    ^
      119 |     expect.soft(card.title, 'server HTML still advertises the create-next-app default').not.toMatch(/Create Next App/i)
      120 |     expect.soft(card.description, 'server HTML still advertises the create-next-app default').not.toMatch(/Generated by create next app/i)
      121 |   })
        at assertions (/home/runner/work/atlassian-testing/atlassian-testing/agent/runs/KAN-10/2026-09-04T19-32-36-577Z/evidence/witness/KAN-10.spec.mjs:118:68)
        at check (/home/runner/work/atlassian-testing/atlassian-testing/agent/graph/witness/fixtures.mjs:62:11)
        at /home/runner/work/atlassian-testing/atlassian-testing/agent/runs/KAN-10/2026-09-04T19-32-36-577Z/evidence/witness/KAN-10.spec.mjs:116:9

    Error: server HTML still advertises the create-next-app default

    expect(received).not.toMatch(expected)

    Expected pattern: not /Create Next App/i
    Received string:      "Create Next App"

      117 |     expect.soft(card.title, 'og:title in server HTML').toBe(TITLE)
      118 |     expect.soft(card.description, 'og:description in server HTML').toBe(DESCRIPTION)
    > 119 |     expect.soft(card.title, 'server HTML still advertises the create-next-app default').not.toMatch(/Create Next App/i)
          |                                                                                             ^
      120 |     expect.soft(card.description, 'server HTML still advertises the create-next-app default').not.toMatch(/Generated by create next app/i)
      121 |   })
      122 |
        at assertions (/home/runner/work/atlassian-testing/atlassian-testing/agent/runs/KAN-10/2026-09-04T19-32-36-577Z/evidence/witness/KAN-10.spec.mjs:119:93)
        at check (/home/runner/work/atlassian-testing/atlassian-testing/agent/graph/witness/fixtures.mjs:62:11)
        at /home/runner/work/atlassian-testing/atlassian-testing/agent/runs/KAN-10/2026-09-04T19-32-36-577Z/evidence/witness/KAN-10.spec.mjs:116:9

    Error: server HTML still advertises the create-next-app default

    expect(received).not.toMatch(expected)

    Expected pattern: not /Generated by create next app/i
    Received string:      "Generated by create next app"

      118 |     expect.soft(card.description, 'og:description in server HTML').toBe(DESCRIPTION)
      119 |     expect.soft(card.title, 'server HTML still advertises the create-next-app default').not.toMatch(/Create Next App/i)
    > 120 |     expect.soft(card.description, 'server HTML still advertises the create-next-app default').not.toMatch(/Generated by create next app/i)
          |                                                                                                   ^
      121 |   })
      122 |
      123 |   await shot(page, '07-final-home-page')
        at assertions (/home/runner/work/atlassian-testing/atlassian-testing/agent/runs/KAN-10/2026-09-04T19-32-36-577Z/evidence/witness/KAN-10.spec.mjs:120:99)
        at check (/home/runner/work/atlassian-testing/atlassian-testing/agent/graph/witness/fixtures.mjs:62:11)
        at /home/runner/work/atlassian-testing/atlassian-testing/agent/runs/KAN-10/2026-09-04T19-32-36-577Z/evidence/witness/KAN-10.spec.mjs:116:9

    attachment #1: screenshot (image/png) ──────────────────────────────────────────────────────────
    ../runs/KAN-10/2026-09-04T19-32-36-577Z/evidence/pw-before/KAN-10-KAN-10-home-page-sh-2beb2-ata-and-social-preview-tags-chromium/test-failed-2.png
    ────────────────────────────────────────────────────────────────────────────────────────────────

    attachment #2: screenshot (image/png) ──────────────────────────────────────────────────────────
    ../runs/KAN-10/2026-09-04T19-32-36-577Z/evidence/pw-before/KAN-10-KAN-10-home-page-sh-2beb2-ata-and-social-preview-tags-chromium/test-failed-1.png
    ────────────────────────────────────────────────────────────────────────────────────────────────

    attachment #3: video (video/webm) ──────────────────────────────────────────────────────────────
    ../runs/KAN-10/2026-09-04T19-32-36-577Z/evidence/pw-before/KAN-10-KAN-10-home-page-sh-2beb2-ata-and-social-preview-tags-chromium/video-1.webm
    ────────────────────────────────────────────────────────────────────────────────────────────────

    attachment #4: video (video/webm) ──────────────────────────────────────────────────────────────
    ../runs/KAN-10/2026-09-04T19-32-36-577Z/evidence/pw-before/KAN-10-KAN-10-home-page-sh-2beb2-ata-and-social-preview-tags-chromium/video.webm
    ────────────────────────────────────────────────────────────────────────────────────────────────

    Error Context: ../runs/KAN-10/2026-09-04T19-32-36-577Z/evidence/pw-before/KAN-10-KAN-10-home-page-sh-2beb2-ata-and-social-preview-tags-chromium/error-context.md

    attachment #6: trace (application/zip) ─────────────────────────────────────────────────────────
    ../runs/KAN-10/2026-09-04T19-32-36-577Z/evidence/pw-before/KAN-10-KAN-10-home-page-sh-2beb2-ata-and-social-preview-tags-chromium/trace.zip
    Usage:

        npx playwright show-trace ../runs/KAN-10/2026-09-04T19-32-36-577Z/evidence/pw-before/KAN-10-KAN-10-home-page-sh-2beb2-ata-and-social-preview-tags-chromium/trace.zip

    ────────────────────────────────────────────────────────────────────────────────────────────────

  1 failed
    [chromium] › ../runs/KAN-10/2026-09-04T19-32-36-577Z/evidence/witness/KAN-10.spec.mjs:48:1 › KAN-10 home page ships real site metadata and social preview tags 
